
===========================================================================
 report_power
============================================================================
======================= nom_tt_025C_1v80 Corner ===================================

Group                    Internal    Switching      Leakage        Total
                            Power        Power        Power        Power (Watts)
------------------------------------------------------------------------
Sequential           2.481802e-04 8.249823e-05 4.951191e-09 3.306834e-04  10.4%
Combinational        1.419752e-03 1.438703e-03 8.445342e-09 2.858463e-03  89.6%
Clock                1.192202e-09 0.000000e+00 1.160862e-09 2.353064e-09   0.0%
Macro                0.000000e+00 0.000000e+00 0.000000e+00 0.000000e+00   0.0%
Pad                  0.000000e+00 0.000000e+00 0.000000e+00 0.000000e+00   0.0%
------------------------------------------------------------------------
Total                1.667932e-03 1.521201e-03 1.455732e-08 3.189148e-03 100.0%
                            52.3%        47.7%         0.0%
Writing metric power__internal__total: 0.0016679322579875588
Writing metric power__switching__total: 0.0015212007565423846
Writing metric power__leakage__total: 1.4557315353158629e-8
Writing metric power__total: 0.0031891476828604937

