┏━━━━━━━┳━━━━━━━━━┳━━━━━━━━━━┳━━━━━━━━━━━━━━━━━━━━━━━━━━━━━━━━━━━┳━━━━━━━━━━━━━┳━━━━━━━┓
┃ P / R ┃ Partial ┃ Required ┃ Net                               ┃ Pin         ┃ Layer ┃
┡━━━━━━━╇━━━━━━━━━╇━━━━━━━━━━╇━━━━━━━━━━━━━━━━━━━━━━━━━━━━━━━━━━━╇━━━━━━━━━━━━━╇━━━━━━━┩
│ 4.86  │ 1945.33 │ 400.00   │ net624                            │ _1360_/A3   │ met3  │
│ 3.50  │ 1399.91 │ 400.00   │ net43                             │ _1946_/D    │ met1  │
│ 2.53  │ 1010.67 │ 400.00   │ net151                            │ _0902_/A1   │ met1  │
│ 1.65  │ 660.45  │ 400.00   │ net601                            │ _1906_/D    │ met2  │
│ 1.65  │ 660.45  │ 400.00   │ net601                            │ _2170_/A    │ met2  │
│ 1.60  │ 641.40  │ 400.00   │ net125                            │ _0807_/A2   │ met1  │
│ 1.60  │ 638.94  │ 400.00   │ net604                            │ _1649_/D    │ met3  │
│ 1.46  │ 583.77  │ 400.00   │ net76                             │ fanout478/A │ met1  │
│ 1.46  │ 583.40  │ 400.00   │ net26                             │ _0948_/A2   │ met3  │
│ 1.44  │ 576.86  │ 400.00   │ net161                            │ _0826_/A3   │ met2  │
│ 1.35  │ 538.50  │ 400.00   │ Inst_LUT4AB_switch_matrix.JS2BEG5 │ _1222_/A0   │ met1  │
│ 1.32  │ 527.74  │ 400.00   │ net565                            │ fanout564/A │ met1  │
│ 1.27  │ 507.15  │ 400.00   │ _0110_                            │ _0976_/A3   │ met1  │
│ 1.17  │ 468.08  │ 400.00   │ _0096_                            │ _0950_/A0   │ met1  │
│ 1.16  │ 464.62  │ 400.00   │ net480                            │ _1954_/GATE │ met2  │
│ 1.15  │ 458.60  │ 400.00   │ Inst_LUT4AB_switch_matrix.S4BEG3  │ _2294_/A    │ met1  │
│ 1.12  │ 448.94  │ 400.00   │ _0120_                            │ _1374_/A2   │ met1  │
│ 1.10  │ 441.06  │ 400.00   │ net585                            │ _0940_/A2   │ met2  │
│ 1.08  │ 432.81  │ 400.00   │ Inst_LUT4AB_switch_matrix.S4BEG0  │ _2291_/A    │ met1  │
│ 1.08  │ 431.29  │ 400.00   │ net593                            │ _1781_/D    │ met1  │
│ 1.06  │ 424.18  │ 400.00   │ net123                            │ _1131_/A2   │ met1  │
│ 1.06  │ 423.63  │ 400.00   │ net531                            │ _1731_/GATE │ met1  │
│ 1.04  │ 417.51  │ 400.00   │ net154                            │ _0807_/A3   │ met1  │
│ 1.04  │ 417.51  │ 400.00   │ net154                            │ _0962_/A3   │ met1  │
│ 1.04  │ 416.06  │ 400.00   │ net563                            │ _1126_/A2   │ met1  │
│ 1.03  │ 413.19  │ 400.00   │ net641                            │ _1245_/A3   │ met1  │
│ 1.01  │ 405.54  │ 400.00   │ net486                            │ fanout484/A │ met1  │
│ 1.00  │ 400.85  │ 400.00   │ net560                            │ _1793_/D    │ met1  │
│ 1.00  │ 400.25  │ 400.00   │ net116                            │ _0817_/A1   │ met1  │
└───────┴─────────┴──────────┴───────────────────────────────────┴─────────────┴───────┘
